[2026-03-19 01:39:43] Experiment: 01_rgb_baseline_binary
[2026-03-19 01:39:43] Loading datasets...
[2026-03-19 01:43:10] Experiment: 01_rgb_baseline_binary
[2026-03-19 01:43:10] Loading datasets...
[2026-03-19 01:50:04] Experiment: 01_rgb_baseline_binary
[2026-03-19 01:50:04] Loading datasets...
[2026-03-19 01:50:08] ERROR: Failed to load dataset from NasrinImp/Defactify4_Train: Unknown split "validation". Should be one of ['train'].
[2026-03-19 01:56:50] Experiment: 01_rgb_baseline_binary
[2026-03-19 01:56:50] Loading datasets...
[2026-03-19 01:56:54] Train size: 29400
[2026-03-19 01:56:54] Val size: 6300
[2026-03-19 01:56:54] Test size: 6300
[2026-03-19 01:56:54] Creating data loaders...
[2026-03-19 01:56:54] Building model...
[2026-03-19 01:56:54] Model parameters: 23,512,130
[2026-03-19 01:56:54] Starting training...
[2026-03-19 01:56:54] ERROR: '<=' not supported between instances of 'float' and 'str'
[2026-03-19 01:59:17] Experiment: 01_rgb_baseline_binary
[2026-03-19 01:59:17] Loading datasets...
[2026-03-19 01:59:21] Train size: 29400
[2026-03-19 01:59:21] Val size: 6300
[2026-03-19 01:59:21] Test size: 6300
[2026-03-19 01:59:21] Creating data loaders...
[2026-03-19 01:59:21] Building model...
[2026-03-19 01:59:21] Model parameters: 23,512,130
[2026-03-19 01:59:21] Starting training...
[2026-03-19 01:59:21] ERROR: '<=' not supported between instances of 'float' and 'str'
[2026-03-19 13:05:31] Experiment: 01_rgb_baseline_binary
[2026-03-19 13:05:31] Loading datasets...
[2026-03-19 13:05:35] Train size: 29400
[2026-03-19 13:05:35] Val size: 6300
[2026-03-19 13:05:35] Test size: 6300
[2026-03-19 13:05:35] Creating data loaders...
[2026-03-19 13:05:35] Building model...
[2026-03-19 13:05:36] Model parameters: 23,512,130
[2026-03-19 13:05:36] Starting training...
[2026-03-19 13:05:36] ERROR: '<=' not supported between instances of 'float' and 'str'
[2026-03-19 13:10:53] Experiment: 01_rgb_baseline_binary
[2026-03-19 13:10:53] Loading datasets...
[2026-03-19 13:22:12] ERROR: Failed to load split 'train' from Rajarshi-Roy-research/Defactify_Image_Dataset: An error occurred while generating the dataset
[2026-03-19 13:23:10] Experiment: 01_rgb_baseline_binary
[2026-03-19 13:23:10] Loading datasets...
[2026-03-19 13:23:19] ERROR: Failed to load split 'train' from Rajarshi-Roy-research/Defactify_Image_Dataset: An error occurred while generating the dataset
[2026-03-19 13:26:32] Experiment: 01_rgb_baseline_binary
[2026-03-19 13:26:32] Loading datasets...
[2026-03-19 13:26:44] Train size: 252000
[2026-03-19 13:26:44] Val size: 54000
[2026-03-19 13:26:44] Test size: 270000
[2026-03-19 13:26:44] Creating data loaders...
[2026-03-19 13:26:44] Building model...
[2026-03-19 13:26:44] Model parameters: 23,512,130
[2026-03-19 13:26:44] Starting training...
[2026-03-19 13:26:44] ERROR: Caught KeyError in DataLoader worker process 0.
Original Traceback (most recent call last):
  File "/home/hector/anaconda3/envs/defactify/lib/python3.9/site-packages/torch/utils/data/_utils/worker.py", line 351, in _worker_loop
    data = fetcher.fetch(index)  # type: ignore[possibly-undefined]
  File "/home/hector/anaconda3/envs/defactify/lib/python3.9/site-packages/torch/utils/data/_utils/fetch.py", line 52, in fetch
    data = [self.dataset[idx] for idx in possibly_batched_index]
  File "/home/hector/anaconda3/envs/defactify/lib/python3.9/site-packages/torch/utils/data/_utils/fetch.py", line 52, in <listcomp>
    data = [self.dataset[idx] for idx in possibly_batched_index]
  File "/media/hector/Hector/Defactify/src/data/dataset.py", line 132, in __getitem__
    image = example[field_name]
KeyError: 'sd21_image'

[2026-03-19 13:44:13] Experiment: 01_rgb_baseline_binary
[2026-03-19 13:44:13] Loading datasets...
[2026-03-19 13:44:18] Train size: 42000
[2026-03-19 13:44:18] Val size: 9000
[2026-03-19 13:44:18] Test size: 45000
[2026-03-19 13:44:18] Creating data loaders...
[2026-03-19 13:44:18] Building model...
[2026-03-19 13:44:18] Model parameters: 23,512,130
[2026-03-19 13:44:18] Starting training...
[2026-03-19 13:49:07] Epoch 1/50 | Train Loss: 0.0724 | Val Loss: 0.1100 | Val Acc: 0.9726
[2026-03-19 13:53:57] Epoch 2/50 | Train Loss: 0.0464 | Val Loss: 0.5617 | Val Acc: 0.8371
[2026-03-19 13:58:46] Epoch 3/50 | Train Loss: 0.0423 | Val Loss: 0.0394 | Val Acc: 0.9929
[2026-03-19 14:01:43] Experiment: 01_rgb_baseline_binary
[2026-03-19 14:01:43] Loading datasets...
[2026-03-19 14:01:47] Train size: 42000
[2026-03-19 14:01:47] Val size: 9000
[2026-03-19 14:01:47] Test size: 45000
[2026-03-19 14:01:47] Creating data loaders...
[2026-03-19 14:01:47] Building model...
[2026-03-19 14:01:47] Model parameters: 23,512,130
[2026-03-19 14:01:47] Starting training...
[2026-03-19 14:06:32] Epoch 1/50 | Train Loss: 0.0724 | Val Loss: 0.1100 | Val Acc: 0.9726 | Val BalAcc: 0.9705 | Val F1-macro: 0.9525
[2026-03-19 14:11:19] Epoch 2/50 | Train Loss: 0.0464 | Val Loss: 0.5617 | Val Acc: 0.8371 | Val BalAcc: 0.5140 | Val F1-macro: 0.4837
[2026-03-19 14:16:04] Epoch 3/50 | Train Loss: 0.0423 | Val Loss: 0.0394 | Val Acc: 0.9929 | Val BalAcc: 0.9797 | Val F1-macro: 0.9870
[2026-03-19 14:20:49] Epoch 4/50 | Train Loss: 0.0374 | Val Loss: 0.1105 | Val Acc: 0.9833 | Val BalAcc: 0.9780 | Val F1-macro: 0.9705
[2026-03-19 14:25:33] Epoch 5/50 | Train Loss: 0.0357 | Val Loss: 0.0494 | Val Acc: 0.9896 | Val BalAcc: 0.9793 | Val F1-macro: 0.9811
[2026-03-19 14:30:17] Epoch 6/50 | Train Loss: 0.0306 | Val Loss: 0.0366 | Val Acc: 0.9911 | Val BalAcc: 0.9829 | Val F1-macro: 0.9840
[2026-03-19 14:35:02] Epoch 7/50 | Train Loss: 0.0292 | Val Loss: 0.0641 | Val Acc: 0.9839 | Val BalAcc: 0.9522 | Val F1-macro: 0.9699
[2026-03-19 14:39:46] Epoch 8/50 | Train Loss: 0.0281 | Val Loss: 0.0308 | Val Acc: 0.9934 | Val BalAcc: 0.9827 | Val F1-macro: 0.9881
[2026-03-19 14:44:31] Epoch 9/50 | Train Loss: 0.0266 | Val Loss: 0.0267 | Val Acc: 0.9953 | Val BalAcc: 0.9881 | Val F1-macro: 0.9915
[2026-03-19 14:49:16] Epoch 10/50 | Train Loss: 0.0264 | Val Loss: 0.0234 | Val Acc: 0.9954 | Val BalAcc: 0.9890 | Val F1-macro: 0.9918
[2026-03-19 14:54:01] Epoch 11/50 | Train Loss: 0.0240 | Val Loss: 0.0305 | Val Acc: 0.9921 | Val BalAcc: 0.9777 | Val F1-macro: 0.9856
[2026-03-19 14:58:45] Epoch 12/50 | Train Loss: 0.0243 | Val Loss: 0.0220 | Val Acc: 0.9958 | Val BalAcc: 0.9887 | Val F1-macro: 0.9923
[2026-03-19 15:03:30] Epoch 13/50 | Train Loss: 0.0220 | Val Loss: 0.0222 | Val Acc: 0.9960 | Val BalAcc: 0.9907 | Val F1-macro: 0.9928
[2026-03-19 15:08:14] Epoch 14/50 | Train Loss: 0.0224 | Val Loss: 0.0220 | Val Acc: 0.9960 | Val BalAcc: 0.9907 | Val F1-macro: 0.9928
[2026-03-19 15:12:59] Epoch 15/50 | Train Loss: 0.0211 | Val Loss: 0.0294 | Val Acc: 0.9946 | Val BalAcc: 0.9847 | Val F1-macro: 0.9901
[2026-03-19 15:17:43] Epoch 16/50 | Train Loss: 0.0229 | Val Loss: 0.0240 | Val Acc: 0.9949 | Val BalAcc: 0.9860 | Val F1-macro: 0.9907
[2026-03-19 15:22:28] Epoch 17/50 | Train Loss: 0.0221 | Val Loss: 0.0227 | Val Acc: 0.9954 | Val BalAcc: 0.9879 | Val F1-macro: 0.9917
[2026-03-19 15:27:12] Epoch 18/50 | Train Loss: 0.0213 | Val Loss: 0.0213 | Val Acc: 0.9959 | Val BalAcc: 0.9890 | Val F1-macro: 0.9925
[2026-03-19 15:31:57] Epoch 19/50 | Train Loss: 0.0202 | Val Loss: 0.0226 | Val Acc: 0.9960 | Val BalAcc: 0.9891 | Val F1-macro: 0.9927
[2026-03-19 15:36:41] Epoch 20/50 | Train Loss: 0.0206 | Val Loss: 0.0344 | Val Acc: 0.9908 | Val BalAcc: 0.9734 | Val F1-macro: 0.9831
[2026-03-19 15:41:25] Epoch 21/50 | Train Loss: 0.0197 | Val Loss: 0.0224 | Val Acc: 0.9953 | Val BalAcc: 0.9865 | Val F1-macro: 0.9915
[2026-03-19 15:46:10] Epoch 22/50 | Train Loss: 0.0203 | Val Loss: 0.0204 | Val Acc: 0.9954 | Val BalAcc: 0.9885 | Val F1-macro: 0.9917
[2026-03-19 15:50:55] Epoch 23/50 | Train Loss: 0.0196 | Val Loss: 0.0221 | Val Acc: 0.9958 | Val BalAcc: 0.9905 | Val F1-macro: 0.9924
[2026-03-19 15:55:39] Epoch 24/50 | Train Loss: 0.0204 | Val Loss: 0.0212 | Val Acc: 0.9956 | Val BalAcc: 0.9891 | Val F1-macro: 0.9920
[2026-03-19 16:00:23] Epoch 25/50 | Train Loss: 0.0187 | Val Loss: 0.0232 | Val Acc: 0.9956 | Val BalAcc: 0.9885 | Val F1-macro: 0.9919
[2026-03-19 16:05:07] Epoch 26/50 | Train Loss: 0.0188 | Val Loss: 0.0227 | Val Acc: 0.9958 | Val BalAcc: 0.9892 | Val F1-macro: 0.9924
[2026-03-19 16:09:51] Epoch 27/50 | Train Loss: 0.0197 | Val Loss: 0.0219 | Val Acc: 0.9954 | Val BalAcc: 0.9898 | Val F1-macro: 0.9918
[2026-03-19 16:14:36] Epoch 28/50 | Train Loss: 0.0183 | Val Loss: 0.0245 | Val Acc: 0.9943 | Val BalAcc: 0.9854 | Val F1-macro: 0.9897
[2026-03-19 16:19:20] Epoch 29/50 | Train Loss: 0.0149 | Val Loss: 0.0215 | Val Acc: 0.9957 | Val BalAcc: 0.9883 | Val F1-macro: 0.9921
[2026-03-19 16:24:04] Epoch 30/50 | Train Loss: 0.0157 | Val Loss: 0.0411 | Val Acc: 0.9937 | Val BalAcc: 0.9893 | Val F1-macro: 0.9886
[2026-03-19 16:28:48] Epoch 31/50 | Train Loss: 0.0150 | Val Loss: 0.0208 | Val Acc: 0.9958 | Val BalAcc: 0.9887 | Val F1-macro: 0.9923
[2026-03-19 16:33:32] Epoch 32/50 | Train Loss: 0.0143 | Val Loss: 0.0213 | Val Acc: 0.9960 | Val BalAcc: 0.9901 | Val F1-macro: 0.9928
[2026-03-19 16:33:32] Early stopping at epoch 32 (best epoch: 22)
[2026-03-19 16:33:32] Evaluating on test set...
[2026-03-19 16:33:32] Loaded best checkpoint from epoch 22
[2026-03-19 16:34:51] 
============================================================
[2026-03-19 16:34:51] FINAL RESULTS
[2026-03-19 16:34:51] ============================================================
[2026-03-19 16:34:51] Accuracy: 0.8331
[2026-03-19 16:34:51] F1 (macro): 0.6990
[2026-03-19 16:34:51] F1 (weighted): 0.8329
